Argentina  
Chile  
Argentina  
Chile  
Argentina  
Portugal  
Chile  
Argentina  
Portugal  
Espanha  
O número de elementos são 4.
<models.Node.Node object at 0x000001DE7F7CC100>
item not in the list
Chile  
Argentina  
Portugal  
Espanha  
<models.Node.Node object at 0x000001DE7F7CC100>
item not in the list
Chile  
Argentina  
Portugal  
Espanha  
<models.Node.Node object at 0x000001DE7F7CC100>
item not in the list
Chile  
Argentina  
Portugal  
Espanha  
Chile  
Japao  
Argentina  
Portugal  
Espanha  
Chile  
Japao  
Angola  
Argentina  
Portugal  
Espanha  
O número de elementos são 6.
Item found
O país Portugal encontra-se na lista.
item bot found
O país Alemanha não se encontra na lista.
